// Jest Snapshot v1, https://goo.gl/fbAQLP

exports[`Filter component Snapshot test 1`] = `
<div
  className="dropdown"
>
  <button
    aria-expanded={false}
    aria-haspopup={true}
    className="dropdown dropdown-toggle btn btn-primary"
    disabled={false}
    onClick={[Function]}
    type="button"
  >
    Filter
  </button>
</div>
`;
